A51 MACRO ASSEMBLER  19BEC0624_3A                                                         09/28/2021 00:58:57 PAGE     1


MACRO ASSEMBLER A51 V8.2.7.0
OBJECT MODULE PLACED IN .\Objects\19BEC0624_3a.obj
ASSEMBLER INVOKED BY: C:\Keil_v5\C51\BIN\A51.EXE 19BEC0624_3a.ASM SET(SMALL) DEBUG PRINT(.\Listings\19BEC0624_3a.lst) OB
                      JECT(.\Objects\19BEC0624_3a.obj) EP

LOC  OBJ            LINE     SOURCE

                       1     ; Write a 8051 Assembly level program using timer 1 mode 1 to generate a 1 kHz square wave 
                             frequency on one of the pins of P1. Then examine the 
                       2     ;frequency using the oscilloscope in the keil simulator.    
                       3     
                       4     ;label  mnemonics       Operands        comments                          adressing mode   
                                          machine cycle           memory byte             type of instruction
0000                   5                     ORG                     0000H                                           
0000 758901            6                     MOV                     TMOD,#01H       ;initialise timer 0 into mode 1 dir
                             ect                          1                                               2             
                                               data transfer   
0003 758A33            7     HERE:   MOV                     TL0,#33H        ;load lower bits into TL0               dir
                             ect                          1                                               2             
                                               data transfer
0006 758CFE            8                     MOV                     TH0,#0FEH       ;timer 0=FE33H=64614               
                                  direct                          1                                               2     
                                                       data transfer
0009 B290              9                     CPL                     P1.0            ;lternating value of p1.0 for squar
                             e wave                       1                                               1                               boolean 
000B 110F             10                     ACALL           DELAY           ;call delay subroutine                     
                                                                  2                                               2     
                                                       program branching       
000D 80F4             11                     SJMP            HERE            ;repeat infintely                          
                                                                          2                                             
                               2                               program branching       
000F D28C             12     DELAY:  SETB            TR0                     ;start timer 0                             
                                                                          1                                             
                               1                               boolean 
0011 308DFD           13     AGAIN:  JNB                     TF0,AGAIN       ;check for overflow into TF0               
                                                          2                                               3                               boolean 
0014 C28C             14                     CLR                     TR0                     ;clear TR0                 
                                                                                                  1                     
                                                       1                               boolean parity flag
0016 C28D             15                     CLR                     TF0                     ;clear TF0 so timer can be 
                             re used                                      1                                             
                               1                               boolean parity flag
0018 22               16                     RET                                             ;return to calling line    
                                                                                  2                                     
                                       1                               program branching       
                      17                     END                                             ;end of ALP                
                                                  
A51 MACRO ASSEMBLER  19BEC0624_3A                                                         09/28/2021 00:58:57 PAGE     2

SYMBOL TABLE LISTING
------ ----- -------


N A M E             T Y P E  V A L U E   ATTRIBUTES

AGAIN. . . . . . .  C ADDR   0011H   A   
DELAY. . . . . . .  C ADDR   000FH   A   
HERE . . . . . . .  C ADDR   0003H   A   
P1 . . . . . . . .  D ADDR   0090H   A   
TF0. . . . . . . .  B ADDR   0088H.5 A   
TH0. . . . . . . .  D ADDR   008CH   A   
TL0. . . . . . . .  D ADDR   008AH   A   
TMOD . . . . . . .  D ADDR   0089H   A   
TR0. . . . . . . .  B ADDR   0088H.4 A   


REGISTER BANK(S) USED: 0 


ASSEMBLY COMPLETE.  0 WARNING(S), 0 ERROR(S)
