A51 MACRO ASSEMBLER  19BEC0624_5B                                                         11/10/2021 00:23:35 PAGE     1


MACRO ASSEMBLER A51 V8.2.7.0
OBJECT MODULE PLACED IN .\Objects\19BEC0624_5B.obj
ASSEMBLER INVOKED BY: C:\Keil_v5\C51\BIN\A51.EXE 19BEC0624_5B.ASM SET(SMALL) DEBUG PRINT(.\Listings\19BEC0624_5B.lst) OB
                      JECT(.\Objects\19BEC0624_5B.obj) EP

LOC  OBJ            LINE     SOURCE

                       1     ;Write an 8051Assembly level program to get data from a single bit(last digit of your reg.n
                             o.) of P1.2 and send it to P1.7 continuously while an interrupt
                       2     ;will do the following: A serial interrupt service routine will receive your initial (examp
                             le for dhanabal R- initial is R ) as data from a PC and display 
                       3     ;it on P2 ports.
                       4     
                       5     ;label  mnemonics       Operands                comments                          
0000                   6                     ORG             0000H      
0000 020030            7                     LJMP            MAIN
0023                   8                     ORG             0023H        ; serial interrupt vector table             
0023 020046            9                     LJMP            SERIAL                  ;jump to seria;
0030                  10                     ORG             0030H        ; after vector table space
0030 D292             11     MAIN:   SETB            P1.2             ; P1.2 made as input pin
0032 758920           12                     MOV             TMOD,#20H        ;timer 1 mode 2
0035 758DFA           13                     MOV             TH1,#-6      ;-- set baud rate 9600
0038 759850           14                     MOV             SCON ,#50H   ; -- one stop bit
003B 75A890           15                     MOV             IE,#10010000B  ; -- serial  int. enabled.
003E D28E             16                     SETB            TR1               ;-- Timer 1 stared.
0040 A292             17     BACK:   MOV             C,P1.2                  ;shift carry to p2
0042 9297             18                     MOV             P1.7,C           ;shift p1.7 to carry
0044 80FA             19                     SJMP            BACK
0046 209907           20     SERIAL: JB                      TI,TRANS         ;call transfer subroutine
0049 E599             21                     MOV             A,SBUF           ;send data from serial buffer to A
004B F5A0             22                     MOV             P2,A             ;move data from p2 to A
004D C298             23                     CLR             RI                       ;clear for next input
                      24     
004F 32               25                     RETI
0050 C299             26     TRANS:  CLR             TI                      ;clear trasnfer interrupt
0052 32               27                     RETI                                    ;return calling
                      28                     END
                                     
A51 MACRO ASSEMBLER  19BEC0624_5B                                                         11/10/2021 00:23:35 PAGE     2

SYMBOL TABLE LISTING
------ ----- -------


N A M E             T Y P E  V A L U E   ATTRIBUTES

BACK . . . . . . .  C ADDR   0040H   A   
IE . . . . . . . .  D ADDR   00A8H   A   
MAIN . . . . . . .  C ADDR   0030H   A   
P1 . . . . . . . .  D ADDR   0090H   A   
P2 . . . . . . . .  D ADDR   00A0H   A   
RI . . . . . . . .  B ADDR   0098H.0 A   
SBUF . . . . . . .  D ADDR   0099H   A   
SCON . . . . . . .  D ADDR   0098H   A   
SERIAL . . . . . .  C ADDR   0046H   A   
TH1. . . . . . . .  D ADDR   008DH   A   
TI . . . . . . . .  B ADDR   0098H.1 A   
TMOD . . . . . . .  D ADDR   0089H   A   
TR1. . . . . . . .  B ADDR   0088H.6 A   
TRANS. . . . . . .  C ADDR   0050H   A   


REGISTER BANK(S) USED: 0 


ASSEMBLY COMPLETE.  0 WARNING(S), 0 ERROR(S)
