A51 MACRO ASSEMBLER  TASK3_VIVA1                                                          09/29/2021 22:23:58 PAGE     1


MACRO ASSEMBLER A51 V8.2.7.0
OBJECT MODULE PLACED IN .\Objects\task3-viva1.obj
ASSEMBLER INVOKED BY: C:\Keil_v5\C51\BIN\A51.EXE task3-viva1.ASM SET(SMALL) DEBUG PRINT(.\Listings\task3-viva1.lst) OBJE
                      CT(.\Objects\task3-viva1.obj) EP

LOC  OBJ            LINE     SOURCE

                       1     ;Develop an 8051 ALP with comments which finds (FFFF)16+(FFFF)16   and give the result in B
                             CD format.  
                       2     
                       3     ;label  mnemonics       Operands        comments                                           
                                  adressing mode          machine cycle           memory byte             type of instruction
                       4     
                       5                                                                     
0000                   6                     ORG                     0000H           ;assembler directive               
                                                  
0000 74FF              7                     MOV                     A,#0FFH         ;lower part of first number        
                                          immediate                               1                                     
                               2                                       data transfer
0002 75F0FF            8                     MOV                     B,#0FFH         ;lower part of second number       
                                  immediate                               1                                       2     
                                                               data transfer
0005 25F0              9                     ADD                     A,B                     ;add lower parts of both nu
                             mbers        direct                                  1                                     
                               2                                       arithmetic
0007 D4               10                     DA                      A                       ;convert to BCD            
                                                                                                          1             
                                                       1                                       arithmetic
0008 F9               11                     MOV                     R1,A            ;store result in r1                
                                                  direct                                  1                             
                                       2                                       data transfer
0009 74FF             12                     MOV                     A,#0FFH         ;higher part of first number       
                                  immediate                               1                                       2     
                                                               data transfer
000B 75F0FF           13                     MOV                     B,#0FFH         ;higher part of second number      
                                  immediate                               1                                       2     
                                                               data transfer
000E 35F0             14                     ADDC            A,B                     ;adding lower parts of both numbers
                                  direct                                  1                                       2     
                                                               arithmetic      
0010 D4               15                     DA                      A                       ;convert to BCD            
                                                                                                          1             
                                                       1                                       airthmetic
0011 FA               16                     MOV                     R2,A            ;move result into R2               
                                          direct                                  1                                     
                               2                                       data transfer   
0012 80FE             17     HERE:   SJMP            HERE            ;end                                               
                                                                                          2                             
                                       2                                       program branching
                      18                     END                                                     
A51 MACRO ASSEMBLER  TASK3_VIVA1                                                          09/29/2021 22:23:58 PAGE     2

SYMBOL TABLE LISTING
------ ----- -------


N A M E             T Y P E  V A L U E   ATTRIBUTES

B. . . . . . . . .  D ADDR   00F0H   A   
HERE . . . . . . .  C ADDR   0012H   A   


REGISTER BANK(S) USED: 0 


ASSEMBLY COMPLETE.  0 WARNING(S), 0 ERROR(S)
